НАСТРОЙКА МАРШРУТИЗАТОРА И СВИТЧА
сначала свитч далее другое

Router(config-if)#exit

Router(config)#interface GigabitEthernet0/1
Router(config-if)#
Router(config-if)#exit
Router(config)#interface GigabitEthernet0/2
Router(config-if)#
Router(config-if)#exit
Router(config)#interface GigabitEthernet0/1
Router(config-if)#
Router(config-if)#exit
Router(config)#interface GigabitEthernet0/0
Router(config-if)#
Router(config-if)#exit
Router(config)#interface GigabitEthernet0/2
Router(config-if)#
Router(config-if)#
Router(config-if)#exit
Router(config)#interface GigabitEtinterface GigabitEthernet0/2interface GigabitEthernet0/0.4
Router(config-subif)#en
Router(config-subif)#encapsulation do
Router(config-subif)#encapsulation dot1Q 4
Router(config-subif)#ip addr
Router(config-subif)#ip address 192.168.4.254 255.255.255.0
Router(config-subif)#
Router(config-subif)#
Router(config-subif)#end
Router#configure terminal
Enter configuration commands, one per line.  End with CNTL/Z.
Router(config)#interface GigabitEthernet0/2
Router(config-if)#
%SYS-5-CONFIG_I: Configured from console by console

Router(config-if)#
Router(config-if)#exit
Router(config)#interface GigabitEthernet0/2
Router(config-if)#
Router(config-if)#exit
Router(config)#interface GigabitEthernet0/1
Router(config-if)#
Router(config-if)#exit
Router(config)#interface GigabitEthernet0/1
Router(config-if)#
Router(config-if)#
Router(config-if)#exit
Router(config)#interface GigabitEthernet0/1
Router(config-if)#no shutdown
Router(config-if)#
%LINK-5-CHANGED: Interface GigabitEthernet0/1, changed state to up
shutdown
Router(config-if)#
%LINK-5-CHANGED: Interface GigabitEthernet0/1, changed state to administratively down

Router(config-if)#exit
Router(config)#interface GigabitEthernet0/0
Router(config-if)#no shutdown
Router(config-if)#
%LINK-5-CHANGED: Interface GigabitEthernet0/0, changed state to up

%LINEPROTO-5-UPDOWN: Line protocol on Interface GigabitEthernet0/0, changed state to up

%LINK-5-CHANGED: Interface GigabitEthernet0/0.2, changed state to up

%LINEPROTO-5-UPDOWN: Line protocol on Interface GigabitEthernet0/0.2, changed state to up

%LINK-5-CHANGED: Interface GigabitEthernet0/0.3, changed state to up

%LINEPROTO-5-UPDOWN: Line protocol on Interface GigabitEthernet0/0.3, changed state to up

%LINK-5-CHANGED: Interface GigabitEthernet0/0.4, changed state to up

%LINEPROTO-5-UPDOWN: Line protocol on Interface GigabitEthernet0/0.4, changed state to up

Router(config-if)#exit
Router(config)#ip dhcp pool DIR
Router(dhcp-config)#network 192.168.2.0 255.255.255.0
Router(dhcp-config)#default-router 192.168.2.254
Router(dhcp-config)#dns-server 8.8.8.8
Router(dhcp-config)#








Router con0 is now available






Press RETURN to get started.













Router>en 
Router#conf t
Enter configuration commands, one per line.  End with CNTL/Z.
Router(config)#ip dhcp pool DIR2
Router(dhcp-config)#ne
Router(dhcp-config)#network  192.168.2.0 255.255.255.0
Router(dhcp-config)#defaul
Router(dhcp-config)#network  192.168.3.0 255.255.255.0
Router(dhcp-config)#def
Router(dhcp-config)#default-router 192.168.3.0
Router(dhcp-config)#dns
Router(dhcp-config)#dns-server 8.8.8.8
Router(dhcp-config)#ip
Router(dhcp-config)#ip d
Router(dhcp-config)#ip dhcp pool DIR3
Router(dhcp-config)#network  192.168.4.0 255.255.255.0
Router(dhcp-config)#default-router 192.168.4.0
Router(dhcp-config)#dns-server 8.8.8.8
Router(dhcp-config)#








Router con0 is now available






Press RETURN to get started.













Press RETURN to get started!



Press RETURN to get started!



Router>enable
Router#
Router#configure terminal
Enter configuration commands, one per line.  End with CNTL/Z.
Router(config)#interface GigabitEthernet0/0
Router(config-if)#
Router(config-if)#exit
Router(config)#interface GigabitEthernet0/2
Router(config-if)#ip s
Router(config-if)#ip d
Router(config-if)#ip dchp
Router(config-if)#ip dhcp
Router(config-if)#ip dhcp pool
Router#
%SYS-5-CONFIG_I: Configured from console by console
ip dhcp pool DIR2
          ^
% Invalid input detected at '^' marker.
	
Router#con
Router#conf t
Enter configuration commands, one per line.  End with CNTL/Z.
Router(config)#ip dhcp pool DIR2
Router(dhcp-config)#network  192.168.2.0 255.255.255.0
Router(dhcp-config)#default-router 192.168.3.254
Router(dhcp-config)#dns-server 8.8.8.8
Router(dhcp-config)#ip dhcp pool DIR3
Router(dhcp-config)#network  192.168.4.0 255.255.255.0
Router(dhcp-config)#ip dhcp pool DIR2
Router(dhcp-config)#network  192.168.3.0 255.255.255.0
Router(dhcp-config)#default-router 192.168.3.254
Router(dhcp-config)#dns-server 8.8.8.8
Router(dhcp-config)#ip dhcp pool DIR3
Router(dhcp-config)#network  192.168.4.0 255.255.255.0
Router(dhcp-config)#default-router 192.168.4.254
Router(dhcp-config)#dns-server 8.8.8.8
Router(dhcp-config)#








Router con0 is now available






Press RETURN to get started.
